/home/nastyst16/Desktop/hecaton_so/hecaton_so/tests/libbasic.so: undefined symbol: : Success
/home/nastyst16/Desktop/hecaton_so/hecaton_so/tests/libbasic.so: undefined symbol: : Success
/home/nastyst16/Desktop/hecaton_so/hecaton_so/tests/libbasic.so: undefined symbol: : Success
