Output file: /home/nastyst16/Desktop/hecaton_so/hecaton_so/checker/output/out-XxS1U6
