bufffffff: /home/nastyst16/Desktop/hecaton_so/hecaton_so/tests/libbasic.so  
lib->outputfffffffile: 
bufffffff: /home/nastyst16/Desktop/hecaton_so/hecaton_so/tests/libbasic.so  
lib->outputfffffffile: 
bufffffff: /home/nastyst16/Desktop/hecaton_so/hecaton_so/tests/libbasic.so  
lib->outputfffffffile: 
bufffffff: /home/nastyst16/Desktop/hecaton_so/hecaton_so/tests/libbasic.so cat /home/nastyst16/Desktop/hecaton_so/hecaton_so/tests/client.c
libraryFunction: 0x7fba261091b3
lib->outputfffffffile: /home/nastyst16/Desktop/hecaton_so/hecaton_so/checker/output/out-CRDLUO
bufffffff: /home/nastyst16/Desktop/hecaton_so/hecaton_so/tests/libbasic.so  
lib->outputfffffffile: 
bufffffff: /home/nastyst16/Desktop/hecaton_so/hecaton_so/tests/libbasic.so  
lib->outputfffffffile: 
bufffffff: /home/nastyst16/Desktop/hecaton_so/hecaton_so/tests/libbasic.so  
lib->outputfffffffile: 
bufffffff: /home/nastyst16/Desktop/hecaton_so/hecaton_so/tests/libbasic.so cat /home/nastyst16/Desktop/hecaton_so/hecaton_so/tests/client.c
libraryFunction: 0x7fd8dbdda1b3
lib->outputfffffffile: /home/nastyst16/Desktop/hecaton_so/hecaton_so/checker/output/out-RBzWjl
bufffffff: /home/nastyst16/Desktop/hecaton_so/hecaton_so/tests/libbasic.so  
nu a gasit functia
lib->outputfffffffile: /home/nastyst16/Desktop/hecaton_so/hecaton_so/checker/output/out-BWkcXi
